<html>
<body>
<pre>
<h1>µVision Build Log</h1>
<h2>Project:</h2>
C:\Users\haris\Documents\ARM\Embedded C\krithika\main\Weather_monitor_sys.uvproj
Project File Date:  04/04/2026

<h2>Output:</h2>
Build target 'Target 1'
compiling main.c...
lcd.h(1): warning:  #1295-D: Deprecated declaration init - give arg types
lcd.h(8): error:  #20: identifier "RS" is undefined
lcd.h(8): error:  #20: identifier "data_pins" is undefined
lcd.h(10): error:  #65: expected a ";"
lcd.h(13): warning:  #12-D: parsing restarts here after previous syntax error
lcd.h(17): error:  #20: identifier "data_pins" is undefined
lcd.h(18): error:  #109: expression must have (pointer-to-) function type
lcd.h(19): error:  #20: identifier "RS" is undefined
lcd.h(21): warning:  #223-D: function "delay_ms" declared implicitly
lcd.h(37): error:  #20: identifier "data_pins" is undefined
lcd.h(38): error:  #109: expression must have (pointer-to-) function type
lcd.h(39): error:  #20: identifier "RS" is undefined
lcd.h(41): warning:  #223-D: function "delay_ms" declared implicitly
lcd.h(55): error:  #20: identifier "TOTC" is undefined
main.c(11): warning:  #223-D: function "lcd_init" declared implicitly
main.c(17): warning:  #223-D: function "lcd_cmd" declared implicitly
main.c(20): warning:  #223-D: function "lcd_write" declared implicitly
main.c(26): warning:  #223-D: function "delay_ms" declared implicitly
Target not created
Build target 'Target 1'
compiling main.c...
linking...
Program Size: Code=2500 RO-data=32 RW-data=4 ZI-data=1260  
FromELF: creating hex file...
"Weather_monitor_sys.axf" - 0 Error(s), 0 Warning(s).
Build target 'Target 1'
compiling main.c...
linking...
Program Size: Code=2520 RO-data=32 RW-data=4 ZI-data=1260  
FromELF: creating hex file...
"Weather_monitor_sys.axf" - 0 Error(s), 0 Warning(s).
Build target 'Target 1'
compiling main.c...
linking...
Program Size: Code=2544 RO-data=32 RW-data=4 ZI-data=1260  
FromELF: creating hex file...
"Weather_monitor_sys.axf" - 0 Error(s), 0 Warning(s).
Build target 'Target 1'
compiling main.c...
linking...
Program Size: Code=2544 RO-data=32 RW-data=4 ZI-data=1260  
FromELF: creating hex file...
"Weather_monitor_sys.axf" - 0 Error(s), 0 Warning(s).
Build target 'Target 1'
compiling main.c...
linking...
Program Size: Code=2552 RO-data=32 RW-data=4 ZI-data=1260  
FromELF: creating hex file...
"Weather_monitor_sys.axf" - 0 Error(s), 0 Warning(s).
Build target 'Target 1'
compiling main.c...
linking...
Program Size: Code=2556 RO-data=32 RW-data=4 ZI-data=1260  
FromELF: creating hex file...
"Weather_monitor_sys.axf" - 0 Error(s), 0 Warning(s).
Build target 'Target 1'
compiling main.c...
linking...
Program Size: Code=2544 RO-data=32 RW-data=4 ZI-data=1260  
FromELF: creating hex file...
"Weather_monitor_sys.axf" - 0 Error(s), 0 Warning(s).
