<html>
<body>
<pre>
<h1>µVision Build Log</h1>
<h2>Project:</h2>
C:\Users\haris\Documents\ARM\Embedded C\krithika\main\Weather_monitor_sys.uvproj
Project File Date:  04/04/2026

<h2>Output:</h2>
Build target 'Target 1'
linking...
Program Size: Code=4652 RO-data=32 RW-data=4 ZI-data=1260  
FromELF: creating hex file...
"Weather_monitor_sys.axf" - 0 Error(s), 0 Warning(s).
Build target 'Target 1'
compiling main.c...
temperature.h(18): warning:  #550-D: variable "data" was set but never used
uart.h(72): warning:  #1-D: last line of file ends without a newline
linking...
Program Size: Code=6352 RO-data=32 RW-data=4 ZI-data=1260  
FromELF: creating hex file...
"Weather_monitor_sys.axf" - 0 Error(s), 2 Warning(s).
Build target 'Target 1'
compiling main.c...
temperature.h(18): warning:  #550-D: variable "data" was set but never used
linking...
Program Size: Code=6352 RO-data=32 RW-data=4 ZI-data=1260  
FromELF: creating hex file...
"Weather_monitor_sys.axf" - 0 Error(s), 1 Warning(s).
Build target 'Target 1'
linking...
Program Size: Code=6352 RO-data=32 RW-data=4 ZI-data=1260  
FromELF: creating hex file...
"Weather_monitor_sys.axf" - 0 Error(s), 0 Warning(s).
Build target 'Target 1'
compiling main.c...
temperature.h(18): warning:  #550-D: variable "data" was set but never used
linking...
Program Size: Code=5556 RO-data=32 RW-data=4 ZI-data=1260  
FromELF: creating hex file...
"Weather_monitor_sys.axf" - 0 Error(s), 1 Warning(s).
Build target 'Target 1'
linking...
Program Size: Code=5556 RO-data=32 RW-data=4 ZI-data=1260  
FromELF: creating hex file...
"Weather_monitor_sys.axf" - 0 Error(s), 0 Warning(s).
Build target 'Target 1'
compiling main.c...
temperature.h(18): warning:  #550-D: variable "data" was set but never used
linking...
Program Size: Code=5580 RO-data=32 RW-data=4 ZI-data=1260  
FromELF: creating hex file...
"Weather_monitor_sys.axf" - 0 Error(s), 1 Warning(s).
Build target 'Target 1'
linking...
Program Size: Code=5580 RO-data=32 RW-data=4 ZI-data=1260  
FromELF: creating hex file...
"Weather_monitor_sys.axf" - 0 Error(s), 0 Warning(s).
Build target 'Target 1'
compiling main.c...
temperature.h(18): warning:  #550-D: variable "data" was set but never used
linking...
Program Size: Code=5556 RO-data=32 RW-data=4 ZI-data=1260  
FromELF: creating hex file...
"Weather_monitor_sys.axf" - 0 Error(s), 1 Warning(s).
Build target 'Target 1'
linking...
Program Size: Code=5556 RO-data=32 RW-data=4 ZI-data=1260  
FromELF: creating hex file...
"Weather_monitor_sys.axf" - 0 Error(s), 0 Warning(s).
Build target 'Target 1'
compiling main.c...
temperature.h(18): warning:  #550-D: variable "data" was set but never used
linking...
Program Size: Code=5556 RO-data=32 RW-data=4 ZI-data=1260  
FromELF: creating hex file...
"Weather_monitor_sys.axf" - 0 Error(s), 1 Warning(s).
Build target 'Target 1'
linking...
Program Size: Code=5556 RO-data=32 RW-data=4 ZI-data=1260  
FromELF: creating hex file...
"Weather_monitor_sys.axf" - 0 Error(s), 0 Warning(s).
Build target 'Target 1'
compiling main.c...
temperature.h(18): warning:  #550-D: variable "data" was set but never used
linking...
Program Size: Code=5552 RO-data=32 RW-data=4 ZI-data=1260  
FromELF: creating hex file...
"Weather_monitor_sys.axf" - 0 Error(s), 1 Warning(s).
Build target 'Target 1'
linking...
Program Size: Code=5552 RO-data=32 RW-data=4 ZI-data=1260  
FromELF: creating hex file...
"Weather_monitor_sys.axf" - 0 Error(s), 0 Warning(s).
Build target 'Target 1'
compiling main.c...
temperature.h(18): warning:  #550-D: variable "data" was set but never used
linking...
Program Size: Code=5552 RO-data=32 RW-data=4 ZI-data=1260  
FromELF: creating hex file...
"Weather_monitor_sys.axf" - 0 Error(s), 1 Warning(s).
Build target 'Target 1'
linking...
Program Size: Code=5552 RO-data=32 RW-data=4 ZI-data=1260  
FromELF: creating hex file...
"Weather_monitor_sys.axf" - 0 Error(s), 0 Warning(s).
Build target 'Target 1'
compiling main.c...
temperature.h(18): warning:  #550-D: variable "data" was set but never used
linking...
Program Size: Code=5560 RO-data=32 RW-data=4 ZI-data=1260  
FromELF: creating hex file...
"Weather_monitor_sys.axf" - 0 Error(s), 1 Warning(s).
Build target 'Target 1'
compiling main.c...
temperature.h(18): warning:  #550-D: variable "data" was set but never used
linking...
Program Size: Code=5496 RO-data=32 RW-data=4 ZI-data=1260  
FromELF: creating hex file...
"Weather_monitor_sys.axf" - 0 Error(s), 1 Warning(s).
Build target 'Target 1'
linking...
Program Size: Code=5496 RO-data=32 RW-data=4 ZI-data=1260  
FromELF: creating hex file...
"Weather_monitor_sys.axf" - 0 Error(s), 0 Warning(s).
Build target 'Target 1'
compiling main.c...
temperature.h(18): warning:  #550-D: variable "data" was set but never used
linking...
Program Size: Code=5480 RO-data=32 RW-data=4 ZI-data=1260  
FromELF: creating hex file...
"Weather_monitor_sys.axf" - 0 Error(s), 1 Warning(s).
Build target 'Target 1'
linking...
Program Size: Code=5480 RO-data=32 RW-data=4 ZI-data=1260  
FromELF: creating hex file...
"Weather_monitor_sys.axf" - 0 Error(s), 0 Warning(s).
Build target 'Target 1'
compiling main.c...
temperature.h(18): warning:  #550-D: variable "data" was set but never used
uart.h(9): error:  #20: identifier "sms" is undefined
main.c(8): warning:  #550-D: variable "sms" was set but never used
Target not created
Build target 'Target 1'
compiling main.c...
temperature.h(18): warning:  #550-D: variable "data" was set but never used
linking...
Program Size: Code=5512 RO-data=32 RW-data=8 ZI-data=1256  
FromELF: creating hex file...
"Weather_monitor_sys.axf" - 0 Error(s), 1 Warning(s).
Build target 'Target 1'
linking...
Program Size: Code=5512 RO-data=32 RW-data=8 ZI-data=1256  
FromELF: creating hex file...
"Weather_monitor_sys.axf" - 0 Error(s), 0 Warning(s).
Build target 'Target 1'
compiling main.c...
temperature.h(18): warning:  #550-D: variable "data" was set but never used
linking...
Program Size: Code=5524 RO-data=32 RW-data=8 ZI-data=1256  
FromELF: creating hex file...
"Weather_monitor_sys.axf" - 0 Error(s), 1 Warning(s).
Build target 'Target 1'
linking...
Program Size: Code=5524 RO-data=32 RW-data=8 ZI-data=1256  
FromELF: creating hex file...
"Weather_monitor_sys.axf" - 0 Error(s), 0 Warning(s).
Build target 'Target 1'
compiling main.c...
temperature.h(18): warning:  #550-D: variable "data" was set but never used
linking...
Program Size: Code=5524 RO-data=32 RW-data=8 ZI-data=1256  
FromELF: creating hex file...
"Weather_monitor_sys.axf" - 0 Error(s), 1 Warning(s).
Build target 'Target 1'
compiling main.c...
temperature.h(18): warning:  #550-D: variable "data" was set but never used
uart.h(68): warning:  #1-D: last line of file ends without a newline
linking...
Program Size: Code=5540 RO-data=32 RW-data=8 ZI-data=1256  
FromELF: creating hex file...
"Weather_monitor_sys.axf" - 0 Error(s), 2 Warning(s).
Build target 'Target 1'
compiling main.c...
temperature.h(18): warning:  #550-D: variable "data" was set but never used
linking...
Program Size: Code=5540 RO-data=32 RW-data=8 ZI-data=1256  
FromELF: creating hex file...
"Weather_monitor_sys.axf" - 0 Error(s), 1 Warning(s).
Build target 'Target 1'
linking...
Program Size: Code=5540 RO-data=32 RW-data=8 ZI-data=1256  
FromELF: creating hex file...
"Weather_monitor_sys.axf" - 0 Error(s), 0 Warning(s).
Build target 'Target 1'
compiling main.c...
temperature.h(18): warning:  #550-D: variable "data" was set but never used
linking...
Program Size: Code=5536 RO-data=32 RW-data=8 ZI-data=1256  
FromELF: creating hex file...
"Weather_monitor_sys.axf" - 0 Error(s), 1 Warning(s).
Build target 'Target 1'
linking...
Program Size: Code=5536 RO-data=32 RW-data=8 ZI-data=1256  
FromELF: creating hex file...
"Weather_monitor_sys.axf" - 0 Error(s), 0 Warning(s).
Build target 'Target 1'
compiling main.c...
temperature.h(18): warning:  #550-D: variable "data" was set but never used
linking...
Program Size: Code=5528 RO-data=32 RW-data=8 ZI-data=1256  
FromELF: creating hex file...
"Weather_monitor_sys.axf" - 0 Error(s), 1 Warning(s).
Build target 'Target 1'
linking...
Program Size: Code=5528 RO-data=32 RW-data=8 ZI-data=1256  
FromELF: creating hex file...
"Weather_monitor_sys.axf" - 0 Error(s), 0 Warning(s).
Build target 'Target 1'
linking...
Program Size: Code=5528 RO-data=32 RW-data=8 ZI-data=1256  
FromELF: creating hex file...
"Weather_monitor_sys.axf" - 0 Error(s), 0 Warning(s).
Build target 'Target 1'
compiling main.c...
temperature.h(18): warning:  #550-D: variable "data" was set but never used
linking...
Program Size: Code=5544 RO-data=32 RW-data=8 ZI-data=1256  
FromELF: creating hex file...
"Weather_monitor_sys.axf" - 0 Error(s), 1 Warning(s).
Build target 'Target 1'
linking...
Program Size: Code=5544 RO-data=32 RW-data=8 ZI-data=1256  
FromELF: creating hex file...
"Weather_monitor_sys.axf" - 0 Error(s), 0 Warning(s).
Build target 'Target 1'
compiling main.c...
temperature.h(18): warning:  #550-D: variable "data" was set but never used
linking...
Program Size: Code=5544 RO-data=32 RW-data=8 ZI-data=1256  
FromELF: creating hex file...
"Weather_monitor_sys.axf" - 0 Error(s), 1 Warning(s).
Build target 'Target 1'
linking...
Program Size: Code=5544 RO-data=32 RW-data=8 ZI-data=1256  
FromELF: creating hex file...
"Weather_monitor_sys.axf" - 0 Error(s), 0 Warning(s).
Build target 'Target 1'
compiling main.c...
temperature.h(18): warning:  #550-D: variable "data" was set but never used
linking...
Program Size: Code=5536 RO-data=32 RW-data=8 ZI-data=1256  
FromELF: creating hex file...
"Weather_monitor_sys.axf" - 0 Error(s), 1 Warning(s).
Build target 'Target 1'
linking...
Program Size: Code=5536 RO-data=32 RW-data=8 ZI-data=1256  
FromELF: creating hex file...
"Weather_monitor_sys.axf" - 0 Error(s), 0 Warning(s).
Build target 'Target 1'
compiling main.c...
temperature.h(18): warning:  #550-D: variable "data" was set but never used
linking...
Program Size: Code=5528 RO-data=32 RW-data=8 ZI-data=1256  
FromELF: creating hex file...
"Weather_monitor_sys.axf" - 0 Error(s), 1 Warning(s).
Build target 'Target 1'
linking...
Program Size: Code=5528 RO-data=32 RW-data=8 ZI-data=1256  
FromELF: creating hex file...
"Weather_monitor_sys.axf" - 0 Error(s), 0 Warning(s).
Build target 'Target 1'
compiling main.c...
temperature.h(18): warning:  #550-D: variable "data" was set but never used
linking...
Program Size: Code=5536 RO-data=32 RW-data=8 ZI-data=1256  
FromELF: creating hex file...
"Weather_monitor_sys.axf" - 0 Error(s), 1 Warning(s).
Build target 'Target 1'
compiling main.c...
temperature.h(18): warning:  #550-D: variable "data" was set but never used
linking...
Program Size: Code=5544 RO-data=32 RW-data=8 ZI-data=1256  
FromELF: creating hex file...
"Weather_monitor_sys.axf" - 0 Error(s), 1 Warning(s).
Build target 'Target 1'
compiling main.c...
temperature.h(18): warning:  #550-D: variable "data" was set but never used
linking...
Program Size: Code=5536 RO-data=32 RW-data=8 ZI-data=1256  
FromELF: creating hex file...
"Weather_monitor_sys.axf" - 0 Error(s), 1 Warning(s).
Build target 'Target 1'
linking...
Program Size: Code=5536 RO-data=32 RW-data=8 ZI-data=1256  
FromELF: creating hex file...
"Weather_monitor_sys.axf" - 0 Error(s), 0 Warning(s).
